---
source: tests/solver.rs
expression: "solve_snapshot(provider, &[\"a 0..3\", \"a 3..5\"])"
---
The following packages are incompatible
├─ a >=0, <3 can be installed with any of the following options:
│  └─ a 1 | 2
└─ a >=3, <5 cannot be installed because there are no viable options:
   └─ a 3 | 4, which conflicts with the versions reported above.
